// Jest Snapshot v1, https://goo.gl/fbAQLP

exports[`<Products> should render the grid 1`] = `
<Products
  getProducts={[Function]}
  handleGetProducts={[Function]}
  products={Array []}
  totalProductCount={null}
>
  <ProductGrid
    flags={null}
    handleGetProducts={[Function]}
    infiniteLoad={true}
    products={Array []}
    totalProductCount={null}
  >
    <InfiniteContainer
      initialLimit={6}
      items={Array []}
      iterator={[Function]}
      limit={30}
      loader={[Function]}
      loadingIndicator={<LoadingIndicator />}
      preloadMultiplier={2}
      totalItems={null}
      wrapper={[Function]}
    >
      <div>
        <div>
          <Grid
            className="css-ifln79"
            component="ul"
            itemScope={true}
            itemType="http://schema.org/ItemList"
            wrap={true}
          >
            <ul
              className="css-ifln79 css-h7r55a css-u7q1iu"
              itemScope={true}
              itemType="http://schema.org/ItemList"
            />
          </Grid>
        </div>
        <LoadingIndicator>
          <div
            className="css-1aid7je"
          >
            <IndicatorCircle
              color="#5ccee3"
              size={32}
              strokeWidth={3}
            >
              <svg
                className="css-17zev8s"
                height={32}
                viewBox="25 25 50 50"
                width={32}
                xmlns="http://www.w3.org/2000/svg"
              >
                <circle
                  className="css-o43ryf"
                  cx="50"
                  cy="50"
                  r="20"
                />
              </svg>
            </IndicatorCircle>
          </div>
        </LoadingIndicator>
      </div>
    </InfiniteContainer>
  </ProductGrid>
</Products>
`;
