// Jest Snapshot v1, https://goo.gl/fbAQLP

exports[`<List /> should render with two children 1`] = `
<List
  className=""
>
  <List
    className=""
  >
    <ul
      className="css-gkw1j5 "
    >
      <ListItem
        className="css-1can6k9"
        isSelected={false}
        key="child-0/.0"
      >
        <li
          className="css-1p5q8vq css-1can6k9 css-16gj3o1"
        >
          <div
            className="css-13azwyo"
          >
            <Item
              className={null}
              image={null}
              isDisabled={false}
              isSelected={false}
              link={null}
              onClick={null}
              rightComponent={null}
              testId={null}
              title="List Item"
            >
              <Grid
                className="css-l3889c"
                component="div"
                wrap={false}
              >
                <div
                  className="css-l3889c css-h7r55a"
                >
                  <div />
                  <GridItem
                    className="css-10fxwvh"
                    component="div"
                    grow={1}
                    shrink={1}
                  >
                    <div
                      className="css-10fxwvh css-1gs0ko2"
                    >
                      <Translate
                        className=""
                        params={Object {}}
                        string="List Item"
                      >
                        <span
                          className=""
                        >
                          List Item
                        </span>
                      </Translate>
                    </div>
                  </GridItem>
                </div>
              </Grid>
            </Item>
          </div>
        </li>
      </ListItem>
      <ListItem
        className="css-1can6k9"
        isSelected={false}
        key="child-1/.1"
      >
        <li
          className="css-1p5q8vq css-1can6k9 css-16gj3o1"
        >
          <div
            className="css-13azwyo"
          >
            <Item
              className={null}
              image={null}
              isDisabled={false}
              isSelected={false}
              link={null}
              onClick={null}
              rightComponent={null}
              testId={null}
              title="List Item"
            >
              <Grid
                className="css-l3889c"
                component="div"
                wrap={false}
              >
                <div
                  className="css-l3889c css-h7r55a"
                >
                  <div />
                  <GridItem
                    className="css-10fxwvh"
                    component="div"
                    grow={1}
                    shrink={1}
                  >
                    <div
                      className="css-10fxwvh css-1gs0ko2"
                    >
                      <Translate
                        className=""
                        params={Object {}}
                        string="List Item"
                      >
                        <span
                          className=""
                        >
                          List Item
                        </span>
                      </Translate>
                    </div>
                  </GridItem>
                </div>
              </Grid>
            </Item>
          </div>
        </li>
      </ListItem>
    </ul>
  </List>
</List>
`;
